[00:00:11] [Server thread/INFO]: [Xautral: Set own game mode to Creative Mode]
[00:00:48] [Server thread/INFO]: Xautral issued server command: /fill ~15 ~15 ~15 ~-15 ~-15 ~-15 air replace water
[00:00:48] [Server thread/INFO]: [Xautral: Successfully filled 1681 block(s)]
[00:00:50] [Server thread/INFO]: [Xautral: Set own game mode to Spectator Mode]
[00:00:53] [Server thread/INFO]: [Xautral: Set own game mode to Creative Mode]
[00:01:09] [Async Chat Thread - #169/INFO]: [Not Secure] <Xautral> te recomendaría hacer una granja de cultivos
[00:01:13] [Async Chat Thread - #169/INFO]: [Not Secure] <Xautral> así no deberás salir por comid
[00:01:19] [Async Chat Thread - #169/INFO]: [Not Secure] <Xautral> o tener un aldeano granjero
[00:01:25] [Async Chat Thread - #169/INFO]: [Not Secure] <Xautral> o teener una granja de arboles para el flechero
[00:01:36] [Async Chat Thread - #169/INFO]: [Not Secure] <volcon2> pero
[00:01:42] [Async Chat Thread - #169/INFO]: [Not Secure] <volcon2> a los cultivos no les debe dar el sol?
[00:01:45] [Async Chat Thread - #169/INFO]: [Not Secure] <Xautral> no
[00:01:46] [Async Chat Thread - #169/INFO]: [Not Secure] <volcon2> o con que les de el agua
[00:01:48] [Async Chat Thread - #169/INFO]: [Not Secure] <Xautral> solo iluminacion
[00:01:50] [Async Chat Thread - #169/INFO]: [Not Secure] <Xautral> y agua
[00:02:02] [Async Chat Thread - #169/INFO]: [Not Secure] <Xautral> wey he tenido millones de bases subterraneas
[00:02:12] [Async Chat Thread - #169/INFO]: [Not Secure] <Xautral> cuando mi papá todavia quería jugar conmigo siempre hacia bases así con el
[00:02:25] [Async Chat Thread - #169/INFO]: [Not Secure] <volcon2> subterraneas?
[00:02:28] [Async Chat Thread - #169/INFO]: [Not Secure] <Xautral> y de cuevas
[00:02:57] [Async Chat Thread - #169/INFO]: [Not Secure] <volcon2> ese seria todo el espacio creo
[00:04:02] [Async Chat Thread - #171/INFO]: [Not Secure] <volcon2> solo me alcanzo para 3 aldeanos
[00:04:18] [Async Chat Thread - #171/INFO]: [Not Secure] <volcon2> reparacion
[00:04:20] [Async Chat Thread - #171/INFO]: [Not Secure] <volcon2> proteccion
[00:04:22] [Async Chat Thread - #171/INFO]: [Not Secure] <volcon2> y filo
[00:04:28] [Async Chat Thread - #171/INFO]: [Not Secure] <volcon2> y faltaria imrrompibilidad
[00:04:48] [Async Chat Thread - #171/INFO]: [Not Secure] <volcon2> parece de perro JAJA
[00:05:03] [Async Chat Thread - #171/INFO]: [Not Secure] <Xautral> me recuerda a esas casas donde guardan a la guadalupe en los barrios
[00:05:08] [Async Chat Thread - #171/INFO]: [Not Secure] <volcon2> JAJA
[00:05:20] [Async Chat Thread - #171/INFO]: [Not Secure] <volcon2> deja hago 1 mas de aldeano
[00:05:26] [Async Chat Thread - #171/INFO]: [Not Secure] <volcon2> para tener inrrompibilidad
[00:05:27] [Async Chat Thread - #171/INFO]: [Not Secure] <volcon2> filo
[00:05:30] [Async Chat Thread - #171/INFO]: [Not Secure] <volcon2> proteccion
[00:05:31] [Async Chat Thread - #171/INFO]: [Not Secure] <volcon2> y
[00:05:33] [Async Chat Thread - #171/INFO]: [Not Secure] <volcon2> reparacion
[00:06:12] [Async Chat Thread - #171/INFO]: [Not Secure] <Xautral> jajaja ya me imagino a la guadalupe acá
[00:06:34] [Async Chat Thread - #171/INFO]: [Not Secure] <volcon2> puedes poner 4 aldeanos profa?
[00:06:37] [Async Chat Thread - #171/INFO]: [Not Secure] <volcon2> en cada unp
[00:06:55] [Async Chat Thread - #171/INFO]: [Not Secure] <volcon2> no mames
[00:07:11] [Async Chat Thread - #171/INFO]: [Not Secure] <volcon2> ah nd mas es caña de azucar pa hojas
[00:08:14] [Async Chat Thread - #173/INFO]: [Not Secure] <volcon2> WEY
[00:08:17] [Async Chat Thread - #173/INFO]: [Not Secure] <Xautral> que
[00:08:19] [Async Chat Thread - #173/INFO]: [Not Secure] <volcon2> justo una aldea cerca
[00:08:20] [Async Chat Thread - #173/INFO]: [Not Secure] <volcon2> woow
[00:08:31] [Async Chat Thread - #174/INFO]: [Not Secure] <Xautral> cabron con suerte
[00:08:53] [Async Chat Thread - #174/INFO]: [Not Secure] <volcon2> esta es mi
[00:08:57] [Async Chat Thread - #174/INFO]: [Not Secure] <volcon2> fachada
[00:09:01] [Server thread/INFO]: Xautral issued server command: /tp volcon2
[00:09:01] [Server thread/INFO]: [Xautral: Teleported Xautral to [Volcanos] volcon2]
[00:10:03] [Server thread/INFO]: Xautral issued server command: /fillbiome -18902 67 4524
[00:10:08] [Server thread/INFO]: Xautral issued server command: /fillbiome -18902 67 4524 -18905 67 4522 minecraft:jungle
[00:10:08] [Server thread/INFO]: [Xautral: 4 biome entry/entries set between -18908, 64, 4520 and -18904, 64, 4524]
[00:10:08] [Async Chat Thread - #175/INFO]: [Not Secure] <volcon2> vine por caña de azucar y encontre aldea
[00:10:16] [Server thread/INFO]: [Xautral: Set own game mode to Spectator Mode]
[00:10:19] [Server thread/INFO]: [Xautral: Set own game mode to Creative Mode]
[00:10:20] [Async Chat Thread - #175/INFO]: [Not Secure] <Xautral> que
[00:10:57] [Server thread/INFO]: Xautral issued server command: /tp volcon2
[00:10:57] [Server thread/INFO]: [Xautral: Teleported Xautral to [Volcanos] volcon2]
[00:11:09] [Server thread/INFO]: Villager Villager['Villager'/672441, uuid='5f07cbed-a3a6-4b5b-87c1-182f06589bb9', l='ServerLevel[world]', x=-18959.72, y=72.00, z=4549.38, cpos=[-1185, 284], tl=2359, v=true] died, message: 'Villager was slain by Zombie'
[00:11:16] [Server thread/INFO]: Villager Villager['Villager'/672587, uuid='8110d95e-d1eb-4555-9ad0-6fadee7ef1e0', l='ServerLevel[world]', x=-18975.71, y=72.00, z=4572.30, cpos=[-1186, 285], tl=1971, v=true] died, message: 'Villager was slain by Zombie'
[00:11:20] [Server thread/INFO]: Xautral issued server command: /tp 0 0 0
[00:11:20] [Server thread/INFO]: [Xautral: Teleported Xautral to 0.500000, 0.000000, 0.500000]
[00:12:34] [Server thread/INFO]: Xautral issued server command: /particle minecraft:sweep_attack ^ ^ ^5 1 1 1 0 15
[00:12:34] [Server thread/INFO]: [Xautral: Displaying particle minecraft:sweep_attack]
[00:12:36] [Server thread/INFO]: Xautral issued server command: /particle minecraft:sweep_attack ^ ^ ^5 1 1 1 0 15
[00:12:36] [Server thread/INFO]: [Xautral: Displaying particle minecraft:sweep_attack]
[00:12:37] [Server thread/INFO]: Xautral issued server command: /particle minecraft:sweep_attack ^ ^ ^5 1 1 1 0 1
[00:12:37] [Server thread/INFO]: [Xautral: Displaying particle minecraft:sweep_attack]
[00:12:41] [Server thread/INFO]: Xautral issued server command: /particle minecraft:sweep_attack ^ ^ ^3 1 1 1 0 1
[00:12:41] [Server thread/INFO]: [Xautral: Displaying particle minecraft:sweep_attack]
[00:12:42] [Server thread/INFO]: Xautral issued server command: /particle minecraft:sweep_attack ^ ^ ^3 1 1 1 0 1
[00:12:42] [Server thread/INFO]: [Xautral: Displaying particle minecraft:sweep_attack]
[00:12:43] [Server thread/INFO]: Xautral issued server command: /particle minecraft:sweep_attack ^ ^ ^3 1 1 1 0 1
[00:12:43] [Server thread/INFO]: [Xautral: Displaying particle minecraft:sweep_attack]
[00:12:46] [Server thread/INFO]: Xautral issued server command: /particle minecraft:sweep_attack ^ ^ ^2 1 1 1 0 1
[00:12:46] [Server thread/INFO]: [Xautral: Displaying particle minecraft:sweep_attack]
[00:12:48] [Server thread/INFO]: Xautral issued server command: /particle minecraft:sweep_attack ^ ^ ^2 1 1 1 0 1
[00:12:48] [Server thread/INFO]: [Xautral: Displaying particle minecraft:sweep_attack]
[00:12:48] [Server thread/INFO]: Xautral issued server command: /particle minecraft:sweep_attack ^ ^ ^2 1 1 1 0 1
[00:12:48] [Server thread/INFO]: [Xautral: Displaying particle minecraft:sweep_attack]
[00:12:49] [Server thread/INFO]: Xautral issued server command: /particle minecraft:sweep_attack ^ ^ ^2 1 1 1 0 1
[00:12:49] [Server thread/INFO]: [Xautral: Displaying particle minecraft:sweep_attack]
[00:12:51] [Server thread/INFO]: Xautral issued server command: /particle minecraft:sweep_attack ^ ^2 ^2 1 1 1 0 1
[00:12:51] [Server thread/INFO]: [Xautral: Displaying particle minecraft:sweep_attack]
[00:13:01] [Server thread/INFO]: Xautral issued server command: /scoreboard objectives add Attack Dummy
[00:13:03] [Server thread/INFO]: Xautral issued server command: /scoreboard objectives add Attack dummy
[00:13:03] [Server thread/INFO]: [Xautral: Created new objective [Attack]]
[00:14:28] [Async Chat Thread - #177/INFO]: [Not Secure] <volcon2> igual creo qeu ya me voy
[00:14:32] [Async Chat Thread - #177/INFO]: [Not Secure] <volcon2> y mañana sigo
[00:14:38] [Async Chat Thread - #177/INFO]: [Not Secure] <volcon2> avance mucho por hoy
[00:14:41] [Async Chat Thread - #177/INFO]: [Not Secure] <Xautral> ok
[00:14:45] [Async Chat Thread - #177/INFO]: [Not Secure] <volcon2> cuidate xau
[00:14:48] [Async Chat Thread - #177/INFO]: [Not Secure] <volcon2> pasatela bien
[00:14:57] [Server thread/INFO]: volcon2 lost connection: Disconnected
[00:14:57] [Server thread/INFO]: [Volcanos] volcon2 left the game
[00:14:57] [Async Chat Thread - #177/INFO]: [Not Secure] <Xautral> agauanta
[00:15:18] [Server thread/INFO]: Xautral issued server command: /scoreboard objectives setdisplay sidebar Attack
[00:15:18] [Server thread/INFO]: [Xautral: Set display slot sidebar to show objective Attack]
[00:17:04] [Async Chat Thread - #180/INFO]: [Not Secure] <Xautral> particle minecraft:sweep_attack ^ ^2 ^2 1 1 1 0 1
[00:17:06] [Server thread/INFO]: Xautral issued server command: /particle minecraft:sweep_attack ^ ^2 ^2 1 1 1 0 1
[00:17:06] [Server thread/INFO]: [Xautral: Displaying particle minecraft:sweep_attack]
[00:17:08] [Server thread/INFO]: Xautral issued server command: /particle minecraft:sweep_attack ^ ^2 ^2 1 1 1 0 1
[00:17:08] [Server thread/INFO]: [Xautral: Displaying particle minecraft:sweep_attack]
[00:17:12] [Server thread/INFO]: Xautral issued server command: /particle minecraft:sweep_attack ^ ^2 ^2 1 1 1 0 1
[00:17:12] [Server thread/INFO]: [Xautral: Displaying particle minecraft:sweep_attack]
[00:17:13] [Server thread/INFO]: Xautral issued server command: /particle minecraft:sweep_attack ^ ^2 ^2 1 1 1 0 1
[00:17:13] [Server thread/INFO]: [Xautral: Displaying particle minecraft:sweep_attack]
[00:17:15] [Server thread/INFO]: Xautral issued server command: /particle minecraft:sweep_attack ^ ^2 ^2 1 1 1 0 1t
[00:17:42] [Server thread/INFO]: Xautral issued server command: /particle minecraft:dripping_lava ^ ^2 ^2 0 0 0 1 3333 normal
[00:17:42] [Server thread/INFO]: [Xautral: Displaying particle minecraft:dripping_lava]
[00:17:45] [Server thread/INFO]: Xautral issued server command: /particle minecraft:dripping_lava ^ ^2 ^2 0 0 0 1 3333 normal
[00:17:45] [Server thread/INFO]: [Xautral: Displaying particle minecraft:dripping_lava]
[00:17:53] [Server thread/INFO]: Xautral issued server command: /particle minecraft:sweep_attack ^ ^2 ^2 0 0 0 1 3 normal
[00:17:53] [Server thread/INFO]: [Xautral: Displaying particle minecraft:sweep_attack]
[00:17:56] [Server thread/INFO]: Xautral issued server command: /particle minecraft:sweep_attack ^ ^2 ^2 0 0 0 1 3 normal
[00:17:56] [Server thread/INFO]: [Xautral: Displaying particle minecraft:sweep_attack]
[00:17:57] [Server thread/INFO]: Xautral issued server command: /particle minecraft:sweep_attack ^ ^2 ^2 0 0 0 1 3 normal
[00:17:57] [Server thread/INFO]: [Xautral: Displaying particle minecraft:sweep_attack]
[00:17:59] [Server thread/INFO]: Xautral issued server command: /particle minecraft:sweep_attack ^ ^2 ^2 0 0 0 1 3 normal
[00:17:59] [Server thread/INFO]: [Xautral: Displaying particle minecraft:sweep_attack]
[00:18:08] [Server thread/INFO]: Xautral issued server command: /particle minecraft:sweep_attack ^ ^2 ^2 0 0 0 1 1 normal
[00:18:08] [Server thread/INFO]: [Xautral: Displaying particle minecraft:sweep_attack]
[00:18:09] [Server thread/INFO]: Xautral issued server command: /particle minecraft:sweep_attack ^ ^2 ^2 0 0 0 1 1 normal
[00:18:09] [Server thread/INFO]: [Xautral: Displaying particle minecraft:sweep_attack]
[00:18:10] [Server thread/INFO]: Xautral issued server command: /particle minecraft:sweep_attack ^ ^2 ^2 0 0 0 1 1 normal
[00:18:10] [Server thread/INFO]: [Xautral: Displaying particle minecraft:sweep_attack]
[00:18:11] [Server thread/INFO]: Xautral issued server command: /particle minecraft:sweep_attack ^ ^2 ^2 0 0 0 1 1 normal
[00:18:11] [Server thread/INFO]: [Xautral: Displaying particle minecraft:sweep_attack]
[00:18:12] [Server thread/INFO]: Xautral issued server command: /particle minecraft:sweep_attack ^ ^2 ^2 0 0 0 1 1 normal
[00:18:12] [Server thread/INFO]: [Xautral: Displaying particle minecraft:sweep_attack]
[00:18:29] [Server thread/INFO]: Xautral issued server command: /locate structure #minecraft:on_taiga_village_maps
[00:18:29] [Server thread/INFO]: Locating element #minecraft:on_taiga_village_maps (minecraft:village_taiga) took 0 ms
[00:18:30] [Server thread/INFO]: Xautral issued server command: /tp @s 400 ~ 304
[00:18:30] [Server thread/INFO]: [Xautral: Teleported Xautral to 400.500000, -13.757224, 304.500000]
[00:18:37] [Server thread/INFO]: [Xautral: Set own game mode to Spectator Mode]
[00:18:41] [Server thread/INFO]: Xautral issued server command: /tp ~ ~50 ~
[00:18:41] [Server thread/INFO]: [Xautral: Teleported Xautral to 400.400000, 47.487108, 304.400000]
[00:18:44] [Server thread/INFO]: Villager Villager['Villager'/674710, uuid='a392ea2a-6dca-4acf-950f-e2e0e11f0f72', l='ServerLevel[world]', x=408.63, y=73.00, z=314.28, cpos=[25, 19], tl=191, v=true] died, message: 'Villager suffocated in a wall'
[00:18:47] [Server thread/INFO]: Xautral issued server command: /scoreboard objectives setdisplay sidebar
[00:18:47] [Server thread/INFO]: [Xautral: Cleared any objectives in display slot sidebar]
[00:18:49] [Server thread/INFO]: Xautral issued server command: /tp ~ ~50 ~
[00:18:49] [Server thread/INFO]: [Xautral: Teleported Xautral to 400.400000, 97.487108, 304.400000]
[00:18:50] [Server thread/INFO]: [Xautral: Set own game mode to Creative Mode]
[00:18:55] [Server thread/INFO]: Xautral issued server command: /weather clear
[00:18:55] [Server thread/INFO]: [Xautral: Set the weather to clear]
[00:19:01] [Server thread/INFO]: Xautral issued server command: /time set minecraft:night
[00:19:01] [Server thread/INFO]: [Xautral: Set minecraft:overworld to time marker minecraft:night]
[00:19:24] [Server thread/INFO]: Villager Villager['Villager'/674736, uuid='74a79e8a-aa45-49d0-8508-eadc4ac8c774', l='ServerLevel[world]', x=408.09, y=72.00, z=319.71, cpos=[25, 19], tl=936, v=true] died, message: 'Villager was slain by Zombie'
[00:19:28] [Server thread/INFO]: Xautral issued server command: /tp 0 0 0
[00:19:28] [Server thread/INFO]: [Xautral: Teleported Xautral to 0.500000, 0.000000, 0.500000]
[00:20:35] [Server thread/INFO]: Xautral issued server command: /particle minecraft:sweep_attack ^ ^1 ^1 0 0 0 1 1 normal
[00:20:35] [Server thread/INFO]: [Xautral: Displaying particle minecraft:sweep_attack]
[00:20:37] [Server thread/INFO]: Xautral issued server command: /particle minecraft:sweep_attack ^ ^1 ^1 0 0 0 1 1 normal
[00:20:37] [Server thread/INFO]: [Xautral: Displaying particle minecraft:sweep_attack]
[00:20:38] [Server thread/INFO]: Xautral issued server command: /particle minecraft:sweep_attack ^ ^1 ^1 0 0 0 1 1 normal
[00:20:38] [Server thread/INFO]: [Xautral: Displaying particle minecraft:sweep_attack]
[00:20:38] [Server thread/INFO]: Xautral issued server command: /particle minecraft:sweep_attack ^ ^1 ^1 0 0 0 1 1 normal
[00:20:38] [Server thread/INFO]: [Xautral: Displaying particle minecraft:sweep_attack]
[00:20:39] [Server thread/INFO]: Xautral issued server command: /particle minecraft:sweep_attack ^ ^1 ^1 0 0 0 1 1 normal
[00:20:39] [Server thread/INFO]: [Xautral: Displaying particle minecraft:sweep_attack]
[00:20:40] [Server thread/INFO]: Xautral issued server command: /particle minecraft:sweep_attack ^ ^1 ^1 0 0 0 1 1 normal
[00:20:40] [Server thread/INFO]: [Xautral: Displaying particle minecraft:sweep_attack]
[00:20:40] [Server thread/INFO]: Xautral issued server command: /particle minecraft:sweep_attack ^ ^1 ^1 0 0 0 1 1 normal
[00:20:40] [Server thread/INFO]: [Xautral: Displaying particle minecraft:sweep_attack]
[00:20:41] [Server thread/INFO]: Xautral issued server command: /particle minecraft:sweep_attack ^ ^1 ^1 0 0 0 1 1 normal
[00:20:41] [Server thread/INFO]: [Xautral: Displaying particle minecraft:sweep_attack]
[00:20:42] [Server thread/INFO]: Xautral issued server command: /particle minecraft:sweep_attack ^ ^1 ^1 0 0 0 1 1 normal
[00:20:42] [Server thread/INFO]: [Xautral: Displaying particle minecraft:sweep_attack]
[00:20:43] [Server thread/INFO]: Xautral issued server command: /particle minecraft:sweep_attack ^ ^1 ^1 0 0 0 1 1 normal
[00:20:43] [Server thread/INFO]: [Xautral: Displaying particle minecraft:sweep_attack]
[00:20:46] [Server thread/INFO]: Xautral issued server command: /particle minecraft:sweep_attack ^ ^1 ^1 0 0 0 1 1 force
[00:20:46] [Server thread/INFO]: [Xautral: Displaying particle minecraft:sweep_attack]
[00:20:47] [Server thread/INFO]: Xautral issued server command: /particle minecraft:sweep_attack ^ ^1 ^1 0 0 0 1 1 force
[00:20:47] [Server thread/INFO]: [Xautral: Displaying particle minecraft:sweep_attack]
[00:20:47] [Server thread/INFO]: Xautral issued server command: /particle minecraft:sweep_attack ^ ^1 ^1 0 0 0 1 1 force
[00:20:47] [Server thread/INFO]: [Xautral: Displaying particle minecraft:sweep_attack]
[00:20:48] [Async Chat Thread - #181/INFO]: [Not Secure] <Xautral> t
[00:20:52] [Server thread/INFO]: Xautral issued server command: /particle minecraft:sweep_attack ^ ^1 ^1 0 0 0 1 55
[00:20:52] [Server thread/INFO]: [Xautral: Displaying particle minecraft:sweep_attack]
[00:20:54] [Server thread/INFO]: Xautral issued server command: /particle minecraft:sweep_attack ^ ^1 ^1 0 0 0 1 0
[00:20:54] [Server thread/INFO]: [Xautral: Displaying particle minecraft:sweep_attack]
[00:20:55] [Server thread/INFO]: Xautral issued server command: /particle minecraft:sweep_attack ^ ^1 ^1 0 0 0 1 0
[00:20:55] [Server thread/INFO]: [Xautral: Displaying particle minecraft:sweep_attack]
[00:20:57] [Server thread/INFO]: Xautral issued server command: /particle minecraft:sweep_attack ^ ^1 ^1 0 0 0 1 0
[00:20:57] [Server thread/INFO]: [Xautral: Displaying particle minecraft:sweep_attack]
[00:20:57] [Server thread/INFO]: Xautral issued server command: /particle minecraft:sweep_attack ^ ^1 ^1 0 0 0 1 0
[00:20:57] [Server thread/INFO]: [Xautral: Displaying particle minecraft:sweep_attack]
[00:20:58] [Server thread/INFO]: Xautral issued server command: /particle minecraft:sweep_attack ^ ^1 ^1 0 0 0 1 0
[00:20:58] [Server thread/INFO]: [Xautral: Displaying particle minecraft:sweep_attack]
[00:20:58] [Server thread/INFO]: Xautral issued server command: /particle minecraft:sweep_attack ^ ^1 ^1 0 0 0 1 0
[00:20:58] [Server thread/INFO]: [Xautral: Displaying particle minecraft:sweep_attack]
[00:21:03] [Server thread/INFO]: Xautral issued server command: /particle minecraft:sweep_attack ^ ^1 ^1 0 0 0
[00:21:05] [Server thread/INFO]: Xautral issued server command: /particle minecraft:sweep_attack ^ ^1 ^1 0 0 0 0
[00:21:07] [Server thread/INFO]: Xautral issued server command: /particle minecraft:sweep_attack ^ ^1 ^1 0 0 0 5
[00:21:10] [Server thread/INFO]: Xautral issued server command: /particle minecraft:sweep_attack ^ ^1 ^1 0 0 0 1 0
[00:21:10] [Server thread/INFO]: [Xautral: Displaying particle minecraft:sweep_attack]
[00:21:12] [Server thread/INFO]: Xautral issued server command: /particle minecraft:sweep_attack ^ ^1 ^1 0 0 0 0 0
[00:21:12] [Server thread/INFO]: [Xautral: Displaying particle minecraft:sweep_attack]
[00:21:13] [Server thread/INFO]: Xautral issued server command: /particle minecraft:sweep_attack ^ ^1 ^1 0 0 0 0 0
[00:21:13] [Server thread/INFO]: [Xautral: Displaying particle minecraft:sweep_attack]
[00:21:46] [User Authenticator #19/INFO]: UUID of player iNyvz is 673854df-b050-3723-8654-246c57eeea67
[00:21:50] [Server thread/INFO]: [Xautral: Set own game mode to Spectator Mode]
[00:22:57] [Server thread/INFO]: iNyvz joined the game
[00:22:57] [Server thread/INFO]: iNyvz[/127.91.244.246:59309] logged in with entity id 675821 at ([minecraft:overworld]8.5, 68.0, 0.5)
[00:23:13] [Async Chat Thread - #183/INFO]: [Not Secure] <iNyvz> pero
[00:23:18] [Async Chat Thread - #183/INFO]: [Not Secure] <iNyvz> xau
[00:23:22] [Async Chat Thread - #183/INFO]: [Not Secure] <iNyvz> y mis cosas?ç
[00:23:26] [Async Chat Thread - #183/INFO]: [Not Secure] <Xautral> no viste el discord
